**********************
Windows PowerShell transcript start
Start time: 20260820140737
Username: LB\lble131
RunAs User: LB\lble131
Configuration Name: 
Machine: PLBMP129 (Microsoft Windows NT 10.0.26100.0)
Host Application: powershell.exe -NoProfile -ExecutionPolicy Bypass -File D:\97_Projects\00_System\EngineerSystem\auto_update_and_run.ps1
Process ID: 19912
PSVersion: 5.1.26100.8655
PSEdition: Desktop
PSCompatibleVersions: 1.0, 2.0, 3.0, 4.0, 5.0, 5.1.26100.8655
BuildVersion: 10.0.26100.8655
CLRVersion: 4.0.30319.42000
WSManStackVersion: 3.0
PSRemotingProtocolVersion: 2.3
SerializationVersion: 1.1.0.1
**********************
Transcript started, output file is D:\97_Projects\00_System\EngineerSystem\system_update.log
Fetching from origin...
From ssh://plbmp130:2222/LE131/EngineerSystem
 * branch              main       -> FETCH_HEAD
Update found. Pulling latest code...
 delete mode 100644 pptx_extract/ppt/slides/_rels/slide4.xml.rels
 delete mode 100644 pptx_extract/ppt/slides/_rels/slide5.xml.rels
 delete mode 100644 pptx_extract/ppt/slides/_rels/slide6.xml.rels
 delete mode 100644 pptx_extract/ppt/slides/_rels/slide7.xml.rels
 delete mode 100644 pptx_extract/ppt/slides/slide1.xml
 delete mode 100644 pptx_extract/ppt/slides/slide2.xml
 delete mode 100644 pptx_extract/ppt/slides/slide3.xml
 delete mode 100644 pptx_extract/ppt/slides/slide4.xml
 delete mode 100644 pptx_extract/ppt/slides/slide5.xml
 delete mode 100644 pptx_extract/ppt/slides/slide6.xml
 delete mode 100644 pptx_extract/ppt/slides/slide7.xml
 delete mode 100644 pptx_extract/ppt/theme/theme1.xml
 delete mode 100644 pptx_extract/ppt/theme/theme2.xml
 delete mode 100644 pptx_extract/ppt/viewProps.xml
 delete mode 100644 scratch/fix_all_warnings.js
 delete mode 100644 scratch/fix_mess.js
 delete mode 100644 scratch/fix_warnings.js
 delete mode 100644 scratch/warnings.txt
 delete mode 100644 test.jpg
 delete mode 100644 test.log
 delete mode 100644 test.pdf
 delete mode 100644 test_spawn.js
 delete mode 100644 test_spawn.txt
 delete mode 100644 tmp/check_settings_db.js
Modifying constance.js to use http://plbmp130:2005/...
Stopping existing development server processes on ports 2005 and 3000...
Killing process with PID 47176 on port 2005
Killing process with PID 38600 on port 3000
Starting npm run dev in a new window...
Process completed successfully! Logging UPDATE_SUCCESS...


This window will close in 10 seconds...
**********************
Windows PowerShell transcript end
End time: 20260820140745
**********************
